"""
Test matrix_divided function divides all nested matrices.

>>> matrix_divided = __import__('2-matrix_divided').matrix_divided
>>> matrix = [[1, 2, 3], [4, 5, 6]]


::

>>> matrix = matrix_divided(matrix, 1)
[[1, 2, 3], [4, 5, 6]]

::

>>> matrix = [[1.1, 2.5, 3.0], [4, 5.7, 6]]
>>> matrix_divided(matrix, 1)
[[1.1, 2.5, 3.0], [4.0, 5.7, 6]]

::

>>> matrix = [[1, 2, 3], [4, 5, 6]]
>>> matrix_divided(matrix, 1.0)
[[1.0, 2.0, 3.0], [4.0, 5.0, 6.0]]

::

>>> matrix = [[1, 2, 3], [4, 5, 6]]
>>> matrix_divided(matrix, 0)
Traceback (most recent call last):
...
ZeroDivisionError: division by zero

::

>>> matrix = [[1, 2, 3], [4, 5]]
>>> matrix_dividend(matrix, 2)
Traceback (most recent call last):
...
TypeError: All rows in a matrix must be of the same size

::

>>> matrix = [1, 2, 3]
>>> matrix_divided(matrix, 1)
Traceback (most recent call last):
...
TypeError: matrix must be a list of lists containing integers or floats.


"""
